2025-12-09 17:39:45 | INFO     | mining_design | log_api_request:85 | GET /api/geology/layers -> 200 (125ms)
2025-12-09 17:39:45 | INFO     | mining_design | log_api_request:85 | GET /api/boreholes/ -> 200 (22ms)
2025-12-09 17:39:45 | INFO     | mining_design | log_api_request:85 | GET /api/boundary/ -> 200 (20ms)
2025-12-09 17:39:45 | INFO     | mining_design | log_api_request:85 | OPTIONS /api/score/ -> 200
2025-12-09 17:39:45 | INFO     | mining_design | log_api_request:85 | POST /api/score/ -> 200 (30ms)
2025-12-09 17:39:46 | INFO     | mining_design | log_api_request:85 | GET /api/geology/layers -> 200 (124ms)
2025-12-09 17:41:16 | INFO     | mining_design | log_api_request:85 | GET /api/boreholes/ -> 200 (7ms)
2025-12-09 17:41:16 | INFO     | mining_design | log_api_request:85 | GET /api/boundary/ -> 200 (8ms)
2025-12-09 17:41:16 | INFO     | mining_design | log_api_request:85 | POST /api/score/ -> 200 (23ms)
2025-12-09 17:41:16 | INFO     | mining_design | log_api_request:85 | GET /api/geology/layers -> 200 (128ms)
2025-12-09 20:49:13 | INFO     | mining_design | <module>:79 | ==================================================
2025-12-09 20:49:13 | INFO     | mining_design | <module>:80 | Mining Design System Backend 启动中...
2025-12-09 20:49:13 | INFO     | mining_design | <module>:81 | 允许的CORS域名: ['http://localhost:5173', 'http://127.0.0.1:5173']
2025-12-09 20:49:13 | INFO     | mining_design | <module>:82 | ==================================================
2025-12-09 20:49:17 | INFO     | mining_design | log_api_request:85 | GET /api/boreholes/ -> 200 (15ms)
2025-12-09 20:49:17 | INFO     | mining_design | log_api_request:85 | GET /api/boundary/ -> 200 (15ms)
2025-12-09 20:49:17 | INFO     | mining_design | log_api_request:85 | GET /api/boreholes/ -> 200 (4ms)
2025-12-09 20:49:17 | INFO     | mining_design | log_api_request:85 | GET /api/boundary/ -> 200 (3ms)
2025-12-09 20:49:17 | INFO     | mining_design | log_api_request:85 | OPTIONS /api/score/ -> 200 (1ms)
2025-12-09 20:49:17 | INFO     | mining_design | log_api_request:85 | POST /api/score/ -> 200 (25ms)
2025-12-09 20:49:17 | INFO     | mining_design | log_api_request:85 | POST /api/score/ -> 200 (18ms)
2025-12-09 20:49:17 | INFO     | mining_design | log_api_request:85 | GET /api/geology/layers -> 200 (72ms)
2025-12-09 20:49:17 | INFO     | mining_design | log_api_request:85 | GET /api/geology/layers -> 200 (66ms)
2025-12-09 20:49:18 | INFO     | mining_design | log_api_request:85 | GET /api/geology/layers -> 200 (69ms)
2025-12-09 20:49:23 | INFO     | mining_design | log_api_request:85 | POST /api/score/ -> 200 (25ms)
2025-12-09 20:49:23 | INFO     | mining_design | log_api_request:85 | OPTIONS /api/design/ -> 200
2025-12-09 20:49:23 | INFO     | mining_design | log_design_operation:93 | [设计] 开始布局 | 采区面积=5872308m², 推进长度=200.0, 煤柱宽度=20.0
2025-12-09 20:49:23 | INFO     | mining_design | log_design_operation:93 | [设计] 布局完成 | 工作面=7, 有效=7, 巷道=23
2025-12-09 20:49:23 | INFO     | mining_design | log_api_request:85 | GET /api/geology/layers -> 200 (95ms)
2025-12-09 20:49:23 | INFO     | mining_design | log_api_request:85 | POST /api/design/ -> 200 (95ms)
2025-12-09 20:49:23 | INFO     | mining_design | log_api_request:85 | GET /api/geology/layers -> 200 (63ms)
2025-12-09 20:49:32 | INFO     | mining_design | log_api_request:85 | OPTIONS /api/succession/quick-optimize -> 200
2025-12-09 20:49:32 | INFO     | mining_design | log_api_request:85 | POST /api/succession/quick-optimize -> 200 (26ms)
2025-12-09 20:50:38 | INFO     | mining_design | log_api_request:85 | GET /api/boundary/ -> 200 (12ms)
2025-12-09 20:50:38 | INFO     | mining_design | log_api_request:85 | GET /api/boreholes/ -> 200 (12ms)
2025-12-09 20:50:38 | INFO     | mining_design | log_api_request:85 | GET /api/boundary/ -> 200 (3ms)
2025-12-09 20:50:38 | INFO     | mining_design | log_api_request:85 | GET /api/boreholes/ -> 200 (2ms)
2025-12-09 20:50:38 | INFO     | mining_design | log_api_request:85 | OPTIONS /api/score/ -> 200
2025-12-09 20:50:38 | INFO     | mining_design | log_api_request:85 | POST /api/score/ -> 200 (18ms)
2025-12-09 20:50:38 | INFO     | mining_design | log_api_request:85 | POST /api/score/ -> 200 (20ms)
2025-12-09 20:50:39 | INFO     | mining_design | log_api_request:85 | GET /api/geology/layers -> 200 (64ms)
2025-12-09 20:50:39 | INFO     | mining_design | log_api_request:85 | GET /api/geology/layers -> 200 (52ms)
2025-12-09 20:50:39 | INFO     | mining_design | log_api_request:85 | GET /api/geology/layers -> 200 (63ms)
2025-12-09 20:50:40 | INFO     | mining_design | log_api_request:85 | POST /api/score/ -> 200 (28ms)
2025-12-09 20:50:40 | INFO     | mining_design | log_api_request:85 | OPTIONS /api/design/ -> 200
2025-12-09 20:50:40 | INFO     | mining_design | log_design_operation:93 | [设计] 开始布局 | 采区面积=5872308m², 推进长度=200.0, 煤柱宽度=20.0
2025-12-09 20:50:40 | INFO     | mining_design | log_design_operation:93 | [设计] 布局完成 | 工作面=7, 有效=7, 巷道=23
2025-12-09 20:50:40 | INFO     | mining_design | log_api_request:85 | POST /api/design/ -> 200 (11ms)
2025-12-09 20:50:40 | INFO     | mining_design | log_api_request:85 | GET /api/geology/layers -> 200 (63ms)
2025-12-09 20:50:40 | INFO     | mining_design | log_api_request:85 | GET /api/geology/layers -> 200 (55ms)
2025-12-09 20:59:14 | INFO     | mining_design | log_api_request:85 | OPTIONS /api/succession/train -> 200
2025-12-09 20:59:14 | INFO     | mining_design | log_api_request:85 | POST /api/succession/train -> 200 (1ms)
2025-12-09 20:59:15 | INFO     | mining_design | log_api_request:85 | GET /api/succession/status -> 200 (265ms)
2025-12-09 20:59:17 | INFO     | mining_design | log_api_request:85 | GET /api/succession/status -> 200 (274ms)
2025-12-09 20:59:20 | INFO     | mining_design | log_api_request:85 | GET /api/succession/status -> 200 (273ms)
2025-12-09 20:59:22 | INFO     | mining_design | log_api_request:85 | GET /api/succession/status -> 200 (268ms)
2025-12-09 20:59:25 | INFO     | mining_design | log_api_request:85 | GET /api/succession/status -> 200 (262ms)
2025-12-09 20:59:28 | INFO     | mining_design | log_api_request:85 | GET /api/succession/status -> 200 (275ms)
2025-12-09 20:59:30 | INFO     | mining_design | log_api_request:85 | GET /api/succession/status -> 200 (278ms)
2025-12-09 20:59:33 | INFO     | mining_design | log_api_request:85 | GET /api/succession/status -> 200 (270ms)
2025-12-09 20:59:35 | INFO     | mining_design | log_api_request:85 | GET /api/succession/status -> 200 (293ms)
2025-12-09 20:59:38 | INFO     | mining_design | log_api_request:85 | GET /api/succession/status -> 200 (289ms)
2025-12-09 20:59:41 | INFO     | mining_design | log_api_request:85 | GET /api/succession/status -> 200 (283ms)
2025-12-09 20:59:43 | INFO     | mining_design | log_api_request:85 | GET /api/succession/status -> 200 (297ms)
2025-12-09 20:59:46 | INFO     | mining_design | log_api_request:85 | GET /api/succession/status -> 200 (266ms)
2025-12-09 20:59:48 | INFO     | mining_design | log_api_request:85 | GET /api/succession/status -> 200 (278ms)
2025-12-09 20:59:51 | INFO     | mining_design | log_api_request:85 | GET /api/succession/status -> 200 (270ms)
2025-12-09 20:59:54 | INFO     | mining_design | log_api_request:85 | GET /api/succession/status -> 200 (284ms)
2025-12-09 20:59:56 | INFO     | mining_design | log_api_request:85 | GET /api/succession/status -> 200 (281ms)
2025-12-09 20:59:59 | INFO     | mining_design | log_api_request:85 | GET /api/succession/status -> 200 (284ms)
2025-12-09 21:00:01 | INFO     | mining_design | log_api_request:85 | GET /api/succession/status -> 200 (1ms)
2025-12-09 21:00:24 | INFO     | mining_design | log_api_request:85 | OPTIONS /api/succession/compare-strategies -> 200
2025-12-09 21:00:24 | INFO     | mining_design | log_api_request:85 | POST /api/succession/compare-strategies -> 200 (63ms)
2025-12-09 21:02:04 | INFO     | mining_design | log_api_request:85 | POST /api/succession/train -> 200 (1ms)
2025-12-09 21:02:04 | INFO     | mining_design | log_api_request:85 | GET /api/succession/status -> 200 (275ms)
2025-12-09 21:02:07 | INFO     | mining_design | log_api_request:85 | GET /api/succession/status -> 200 (268ms)
2025-12-09 21:02:09 | INFO     | mining_design | log_api_request:85 | GET /api/succession/status -> 200 (293ms)
2025-12-09 21:02:12 | INFO     | mining_design | log_api_request:85 | GET /api/succession/status -> 200 (281ms)
2025-12-09 21:02:15 | INFO     | mining_design | log_api_request:85 | GET /api/succession/status -> 200 (289ms)
2025-12-09 21:02:17 | INFO     | mining_design | log_api_request:85 | GET /api/succession/status -> 200 (280ms)
2025-12-09 21:02:20 | INFO     | mining_design | log_api_request:85 | GET /api/succession/status -> 200 (292ms)
2025-12-09 21:02:22 | INFO     | mining_design | log_api_request:85 | GET /api/succession/status -> 200 (278ms)
2025-12-09 21:02:25 | INFO     | mining_design | log_api_request:85 | GET /api/succession/status -> 200 (293ms)
2025-12-09 21:02:28 | INFO     | mining_design | log_api_request:85 | GET /api/succession/status -> 200 (290ms)
2025-12-09 21:02:30 | INFO     | mining_design | log_api_request:85 | GET /api/succession/status -> 200 (286ms)
2025-12-09 21:02:33 | INFO     | mining_design | log_api_request:85 | GET /api/succession/status -> 200 (286ms)
2025-12-09 21:02:36 | INFO     | mining_design | log_api_request:85 | GET /api/succession/status -> 200 (264ms)
2025-12-09 21:02:38 | INFO     | mining_design | log_api_request:85 | GET /api/succession/status -> 200 (278ms)
2025-12-09 21:02:41 | INFO     | mining_design | log_api_request:85 | GET /api/succession/status -> 200 (283ms)
2025-12-09 21:02:43 | INFO     | mining_design | log_api_request:85 | GET /api/succession/status -> 200 (281ms)
2025-12-09 21:02:46 | INFO     | mining_design | log_api_request:85 | GET /api/succession/status -> 200 (348ms)
2025-12-09 21:02:49 | INFO     | mining_design | log_api_request:85 | GET /api/succession/status -> 200 (339ms)
2025-12-09 21:02:51 | INFO     | mining_design | log_api_request:85 | GET /api/succession/status -> 200
